
> college-planner-timetable-system@0.0.0 build
> ng build

[33mΓ¥»[39m Building...
[32mΓ£ö[39m Building...
[35mBrowser bundles[39m     
[1mInitial chunk files[22m [2m | [22m[1mNames[22m           [2m | [22m [1mRaw size[22m[2m | [22m[1mEstimated transfer size[22m
[32mmain-ZCS5I7UZ.js[39m    [2m | [22m[2mmain[22m            [2m | [22m  [36m1.64 MB[39m[2m | [22m              [36m396.08 kB[39m
[32mstyles-NHJ2RXU4.css[39m [2m | [22m[2mstyles[22m          [2m | [22m[36m316.73 kB[39m[2m | [22m               [36m33.22 kB[39m
[32mchunk-JYYSHOEO.js[39m   [2m | [22m[2m-[22m               [2m | [22m[36m203.20 kB[39m[2m | [22m               [36m38.62 kB[39m
[32mchunk-C6Q5SG76.js[39m   [2m | [22m[2m-[22m               [2m | [22m  [36m1.07 kB[39m[2m | [22m              [36m468 bytes[39m
[32mchunk-FK6H3RFT.js[39m   [2m | [22m[2m-[22m               [2m | [22m[36m272 bytes[39m[2m | [22m              [36m272 bytes[39m

[1m [22m                   [2m | [22m[1mInitial total[22m   [2m | [22m  [1m[91m2.16 MB[39m[22m[2m | [22m              [1m468.66 kB[22m

[1mLazy chunk files[22m    [2m | [22m[1mNames[22m           [2m | [22m [1mRaw size[22m[2m | [22m[1mEstimated transfer size[22m
[32mchunk-4O5FIFOP.js[39m   [2m | [22m[2mindex-es[22m        [2m | [22m[36m158.70 kB[39m[2m | [22m               [36m46.83 kB[39m
[32mchunk-LFZHQARY.js[39m   [2m | [22m[2mpurify-es[22m       [2m | [22m [36m22.37 kB[39m[2m | [22m                [36m7.75 kB[39m
[32mchunk-TV7BOIQE.js[39m   [2m | [22m[2mhtml2canvas[22m     [2m | [22m [36m83 bytes[39m[2m | [22m               [36m83 bytes[39m


[35mServer bundles[39m      
[1mInitial chunk files[22m [2m | [22m[1mNames[22m           [2m | [22m [1mRaw size[22m
[32mmain.server.mjs[39m     [2m | [22m[2mmain.server[22m     [2m | [22m  [36m2.91 MB[39m[2m | [22m                       
[32mserver.mjs[39m          [2m | [22m[2mserver[22m          [2m | [22m[36m806.37 kB[39m[2m | [22m                       
[32mpolyfills.server.mjs[39m[2m | [22m[2mpolyfills.server[22m[2m | [22m[36m233.48 kB[39m[2m | [22m                       
[32mchunk-DGJQU3KY.mjs[39m  [2m | [22m[2m-[22m               [2m | [22m  [36m1.51 kB[39m[2m | [22m                       
[32mchunk-L2MVFUKD.mjs[39m  [2m | [22m[2m-[22m               [2m | [22m  [36m1.32 kB[39m[2m | [22m                       

[1mLazy chunk files[22m    [2m | [22m[1mNames[22m           [2m | [22m [1mRaw size[22m
[32mchunk-RHDGF2TI.mjs[39m  [2m | [22m[2mxhr2[22m            [2m | [22m [36m12.14 kB[39m[2m | [22m                       
[32mchunk-JINOFQP3.mjs[39m  [2m | [22m[2mxhr2[22m            [2m | [22m [36m12.07 kB[39m[2m | [22m                       

[35mPrerendered 23 static routes.[39m
Application bundle generation failed. [16.329 seconds] - 2026-03-03T16:36:47.170Z

node.exe : 
[1m[33m[33mΓû▓ [43;33m[
[43;30mWARNING[43;33m][0
m [1mNG8113: RouterLink 
is not used within the 
template of 
AdminDashboard[0m 
[1m[35m[plugin 
angular-compiler][0m
At C:\Program 
Files\nodejs\npm.ps1:29 
char:3
+   & $NODE_EXE 
$NPM_CLI_JS $args
+   ~~~~~~~~~~~~~~~~~~~~~~~
~~~~~~
    + CategoryInfo         
     : NotSpecified: ([1  
  m[33m[33mΓ...r-compi   
 ler][0m:String) [], R    
emoteException
    + FullyQualifiedErrorI 
   d : NativeCommandError
 

    src/app/admin-dashboard
/admin-dashboard.ts:19:48:
[37m      19 Γöé   
imports: [CommonModule, 
AdminLayoutComponent, 
[32mRouterLink[37m],
         Γò╡               
                           
       [32m~~~~~~~~~~[0m


[33mΓû▓ [43;33m[[43;30mW
ARNING[43;33m][0m 
[1mNG8113: All imports 
are unused[0m 
[1m[35m[plugin 
angular-compiler][0m

    src/app/staff/navbar/na
vbar.ts:6:2:
[37m      6 Γöé   
[32mimports[37m: 
[RouterLink],
        Γò╡   
[32m~~~~~~~[0m


[33mΓû▓ [43;33m[[43;30mW
ARNING[43;33m][0m 
[1mNG8113: RouterLink is 
not used within the 
template of 
StaffTimetable[0m 
[1m[35m[plugin 
angular-compiler][0m

    src/app/staff/staff-tim
etable/staff-timetable.ts:1
0:26:
[37m      10 Γöé   
imports: [CommonModule, 
[32mRouterLink[37m, 
StaffLayoutComponent],
         Γò╡               
            
[32m~~~~~~~~~~[0m


[33mΓû▓ [43;33m[[43;30mW
ARNING[43;33m][0m 
[1mbundle initial 
exceeded maximum budget. 
Budget 500.00 kB was not 
met by 1.66 MB with a 
total of 2.16 MB.[0m


[33mΓû▓ [43;33m[[43;30mW
ARNING[43;33m][0m [1msrc
/app/admin-layout/admin-lay
out.css exceeded maximum 
budget. Budget 4.00 kB was 
not met by 572 bytes with 
a total of 4.57 kB.[0m


[33mΓû▓ [43;33m[[43;30mW
ARNING[43;33m][0m 
[1mModule 'core-js/modules
/es.promise.js' used by 'no
de_modules/canvg/lib/index.
es.js' is not ESM[0m

  CommonJS or AMD 
dependencies can cause 
optimization bailouts.
  For more information 
see: [4mhttps://angular.de
v/tools/cli/build#configuri
ng-commonjs-dependencies[0
m


[33mΓû▓ [43;33m[[43;30mW
ARNING[43;33m][0m 
[1mModule 'core-js/modules
/es.string.match.js' used 
by 'node_modules/canvg/lib/
index.es.js' is not ESM[0m

  CommonJS or AMD 
dependencies can cause 
optimization bailouts.
  For more information 
see: [4mhttps://angular.de
v/tools/cli/build#configuri
ng-commonjs-dependencies[0
m


[33mΓû▓ [43;33m[[43;30mW
ARNING[43;33m][0m 
[1mModule 'core-js/modules
/es.string.replace.js' 
used by 'node_modules/canvg
/lib/index.es.js' is not 
ESM[0m

  CommonJS or AMD 
dependencies can cause 
optimization bailouts.
  For more information 
see: [4mhttps://angular.de
v/tools/cli/build#configuri
ng-commonjs-dependencies[0
m


[33mΓû▓ [43;33m[[43;30mW
ARNING[43;33m][0m 
[1mModule 'core-js/modules
/es.string.starts-with.js' 
used by 'node_modules/canvg
/lib/index.es.js' is not 
ESM[0m

  CommonJS or AMD 
dependencies can cause 
optimization bailouts.
  For more information 
see: [4mhttps://angular.de
v/tools/cli/build#configuri
ng-commonjs-dependencies[0
m


[33mΓû▓ [43;33m[[43;30mW
ARNING[43;33m][0m 
[1mModule 'core-js/modules
/es.array.iterator.js' 
used by 'node_modules/canvg
/lib/index.es.js' is not 
ESM[0m

  CommonJS or AMD 
dependencies can cause 
optimization bailouts.
  For more information 
see: [4mhttps://angular.de
v/tools/cli/build#configuri
ng-commonjs-dependencies[0
m


[33mΓû▓ [43;33m[[43;30mW
ARNING[43;33m][0m 
[1mModule 'core-js/modules
/web.dom-collections.iterat
or.js' used by 'node_module
s/canvg/lib/index.es.js' 
is not ESM[0m

  CommonJS or AMD 
dependencies can cause 
optimization bailouts.
  For more information 
see: [4mhttps://angular.de
v/tools/cli/build#configuri
ng-commonjs-dependencies[0
m


[33mΓû▓ [43;33m[[43;30mW
ARNING[43;33m][0m 
[1mModule 'core-js/modules
/es.array.reduce.js' used 
by 'node_modules/canvg/lib/
index.es.js' is not ESM[0m

  CommonJS or AMD 
dependencies can cause 
optimization bailouts.
  For more information 
see: [4mhttps://angular.de
v/tools/cli/build#configuri
ng-commonjs-dependencies[0
m


[33mΓû▓ [43;33m[[43;30mW
ARNING[43;33m][0m 
[1mModule 'core-js/modules
/es.string.ends-with.js' 
used by 'node_modules/canvg
/lib/index.es.js' is not 
ESM[0m

  CommonJS or AMD 
dependencies can cause 
optimization bailouts.
  For more information 
see: [4mhttps://angular.de
v/tools/cli/build#configuri
ng-commonjs-dependencies[0
m


[33mΓû▓ [43;33m[[43;30mW
ARNING[43;33m][0m 
[1mModule 'core-js/modules
/es.string.split.js' used 
by 'node_modules/canvg/lib/
index.es.js' is not ESM[0m

  CommonJS or AMD 
dependencies can cause 
optimization bailouts.
  For more information 
see: [4mhttps://angular.de
v/tools/cli/build#configuri
ng-commonjs-dependencies[0
m


[33mΓû▓ [43;33m[[43;30mW
ARNING[43;33m][0m 
[1mModule 'raf' used by 'n
ode_modules/canvg/lib/index
.es.js' is not ESM[0m

  CommonJS or AMD 
dependencies can cause 
optimization bailouts.
  For more information 
see: [4mhttps://angular.de
v/tools/cli/build#configuri
ng-commonjs-dependencies[0
m


[33mΓû▓ [43;33m[[43;30mW
ARNING[43;33m][0m 
[1mModule 'core-js/modules
/es.string.trim.js' used 
by 'node_modules/canvg/lib/
index.es.js' is not ESM[0m

  CommonJS or AMD 
dependencies can cause 
optimization bailouts.
  For more information 
see: [4mhttps://angular.de
v/tools/cli/build#configuri
ng-commonjs-dependencies[0
m


[33mΓû▓ [43;33m[[43;30mW
ARNING[43;33m][0m 
[1mModule 'rgbcolor' used 
by 'node_modules/canvg/lib/
index.es.js' is not ESM[0m

  CommonJS or AMD 
dependencies can cause 
optimization bailouts.
  For more information 
see: [4mhttps://angular.de
v/tools/cli/build#configuri
ng-commonjs-dependencies[0
m


[33mΓû▓ [43;33m[[43;30mW
ARNING[43;33m][0m 
[1mModule 'core-js/modules
/es.array.index-of.js' 
used by 'node_modules/canvg
/lib/index.es.js' is not 
ESM[0m

  CommonJS or AMD 
dependencies can cause 
optimization bailouts.
  For more information 
see: [4mhttps://angular.de
v/tools/cli/build#configuri
ng-commonjs-dependencies[0
m


[33mΓû▓ [43;33m[[43;30mW
ARNING[43;33m][0m 
[1mModule 'core-js/modules
/es.string.includes.js' 
used by 'node_modules/canvg
/lib/index.es.js' is not 
ESM[0m

  CommonJS or AMD 
dependencies can cause 
optimization bailouts.
  For more information 
see: [4mhttps://angular.de
v/tools/cli/build#configuri
ng-commonjs-dependencies[0
m


[33mΓû▓ [43;33m[[43;30mW
ARNING[43;33m][0m 
[1mModule 'core-js/modules
/es.array.reverse.js' used 
by 'node_modules/canvg/lib/
index.es.js' is not ESM[0m

  CommonJS or AMD 
dependencies can cause 
optimization bailouts.
  For more information 
see: [4mhttps://angular.de
v/tools/cli/build#configuri
ng-commonjs-dependencies[0
m


[33mΓû▓ [43;33m[[43;30mW
ARNING[43;33m][0m 
[1mModule 'core-js/modules
/es.regexp.to-string.js' 
used by 'node_modules/canvg
/lib/index.es.js' is not 
ESM[0m

  CommonJS or AMD 
dependencies can cause 
optimization bailouts.
  For more information 
see: [4mhttps://angular.de
v/tools/cli/build#configuri
ng-commonjs-dependencies[0
m


[33mΓû▓ [43;33m[[43;30mW
ARNING[43;33m][0m 
[1mModule 'jspdf' used by 
'src/app/student/view-timet
able/view-timetable.ts' is 
not ESM[0m

  CommonJS or AMD 
dependencies can cause 
optimization bailouts.
  For more information 
see: [4mhttps://angular.de
v/tools/cli/build#configuri
ng-commonjs-dependencies[0
m


[33mΓû▓ [43;33m[[43;30mW
ARNING[43;33m][0m 
[1mModule '@grpc/grpc-js' 
used by 'node_modules/@angu
lar/fire/node_modules/@fire
base/firestore/dist/index.n
ode.mjs' is not ESM[0m

  CommonJS or AMD 
dependencies can cause 
optimization bailouts.
  For more information 
see: [4mhttps://angular.de
v/tools/cli/build#configuri
ng-commonjs-dependencies[0
m


[33mΓû▓ [43;33m[[43;30mW
ARNING[43;33m][0m 
[1mModule 
'@grpc/proto-loader' used 
by 'node_modules/@angular/f
ire/node_modules/@firebase/
firestore/dist/index.node.m
js' is not ESM[0m

  CommonJS or AMD 
dependencies can cause 
optimization bailouts.
  For more information 
see: [4mhttps://angular.de
v/tools/cli/build#configuri
ng-commonjs-dependencies[0
m

[39m[22m
[1m[31m[31mX [41;31m[[
41;97mERROR[41;31m][0m 
[1mbundle initial 
exceeded maximum budget. 
Budget 1.00 MB was not met 
by 1.16 MB with a total of 
2.16 MB.[0m

[39m[22m
